<?xml version="1.0" encoding="UTF-8" ?>
<testsuites name="vitest tests" tests="2" failures="0" errors="0" time="0.181532803">
    <testsuite name="test/app.test.ts" timestamp="2026-05-06T02:03:17.484Z" hostname="codespaces-c4435c" tests="2" failures="0" errors="0" skipped="0" time="0.181532803">
        <testcase classname="test/app.test.ts" name="Fastify app &gt; GET /health returns ok status" time="0.175279722">
        </testcase>
        <testcase classname="test/app.test.ts" name="Fastify app &gt; GET / returns app message and version" time="0.003872134">
        </testcase>
    </testsuite>
</testsuites>
